................s....................................................... [ 43%]
........................................................................ [ 86%]
.......................                                                  [100%]
=============================== warnings summary ===============================
tests/unit/test_ai_cache_telemetry.py: 28 warnings
  /app/backend/ai_assistant/cache.py:126: DeprecationWarning: Call to deprecated setex. (Use 'set' instead.) -- Deprecated since version 2.6.12.
    r.setex(_key(file_id, artifact), ttl, payload)

tests/unit/test_ai_cache_telemetry.py: 11 warnings
  /app/backend/ai_assistant/cache.py:234: DeprecationWarning: Call to deprecated setex. (Use 'set' instead.) -- Deprecated since version 2.6.12.
    pipe.setex(_key(file_id, artifact), ttl, payload)

tests/unit/test_ai_cache_telemetry.py::TestSlimContextEmitsCacheReadSpans::test_slim_context_uses_readers_not_cache_get
  /usr/local/lib/python3.12/site-packages/shap/plots/colors/_colors.py:47: PendingDeprecationWarning: The set_bad function will be deprecated in a future version. Use cmap.with_extremes(bad=...) or Colormap(bad=...) instead.
    red_blue.set_bad(gray_rgb.tolist(), 1.0)

tests/unit/test_ai_cache_telemetry.py::TestSlimContextEmitsCacheReadSpans::test_slim_context_uses_readers_not_cache_get
  /usr/local/lib/python3.12/site-packages/shap/plots/colors/_colors.py:48: PendingDeprecationWarning: The set_over function will be deprecated in a future version. Use cmap.with_extremes(over=...) or Colormap(over=...) instead.
    red_blue.set_over(gray_rgb.tolist(), 1.0)

tests/unit/test_ai_cache_telemetry.py::TestSlimContextEmitsCacheReadSpans::test_slim_context_uses_readers_not_cache_get
  /usr/local/lib/python3.12/site-packages/shap/plots/colors/_colors.py:49: PendingDeprecationWarning: The set_under function will be deprecated in a future version. Use cmap.with_extremes(under=...) or Colormap(under=...) instead.
    red_blue.set_under(gray_rgb.tolist(), 1.0)  # "under" is incorrectly used instead of "bad" in the scatter plot

-- Docs: https://docs.pytest.org/en/stable/how-to/capture-warnings.html
=========================== short test summary info ============================
SKIPPED [1] tests/unit/test_ai_cache_telemetry.py:365: .env not present at /app/.env — skipping
166 passed, 1 skipped, 42 warnings in 1.10s
